ets Jul 29 2019 12:21:46

rst:0x1 (POWERON_RESET),boot:0x13 (SPI_FAST_FLASH_BOOT)
configsip: 0, SPIWP:0xee
clk_drv:0x00,q_drv:0x00,d_drv:0x00,cs0_drv:0x00,hd_drv:0x00,wp_drv:0x00
mode:DIO, clock div:2
load:0x3fff0030,len:7128
load:0x40078000,len:15716
load:0x40080400,len:4
load:0x40080404,len:3876
entry 0x4008064c
[0;32mI (29) boot: ESP-IDF v5.1.6-354-gfb2a72fd53 2nd stage bootloader[0m
[0;32mI (29) boot: compile time Apr 27 2025 00:31:27[0m
[0;32mI (31) boot: Multicore bootloader[0m
[0;32mI (35) boot: chip revision: v3.1[0m
[0;32mI (39) boot.esp32: SPI Speed      : 40MHz[0m
[0;32mI (43) boot.esp32: SPI Mode       : DIO[0m
[0;32mI (48) boot.esp32: SPI Flash Size : 2MB[0m
[0;32mI (52) boot: Enabling RNG early entropy source...[0m
[0;32mI (58) boot: Partition Table:[0m
[0;32mI (61) boot: ## Label            Usage          Type ST Offset   Length[0m
[0;32mI (69) boot:  0 nvs              WiFi data        01 02 00009000 00006000[0m
[0;32mI (76) boot:  1 phy_init         RF data          01 01 0000f000 00001000[0m
[0;32mI (84) boot:  2 factory          factory app      00 00 00010000 00100000[0m
[0;32mI (91) boot: End of partition table[0m
[0;32mI (95) esp_image: segment 0: paddr=00010020 vaddr=3f400020 size=0aad0h ( 43728) map[0m
[0;32mI (120) esp_image: segment 1: paddr=0001aaf8 vaddr=3ffb0000 size=02130h (  8496) load[0m
[0;32mI (123) esp_image: segment 2: paddr=0001cc30 vaddr=40080000 size=033e8h ( 13288) load[0m
[0;32mI (131) esp_image: segment 3: paddr=00020020 vaddr=400d0020 size=16568h ( 91496) map[0m
[0;32mI (167) esp_image: segment 4: paddr=00036590 vaddr=400833e8 size=0a134h ( 41268) load[0m
[0;32mI (191) boot: Loaded app from partition at offset 0x10000[0m
[0;32mI (191) boot: Disabling RNG early entropy source...[0m
[0;32mI (203) cpu_start: Multicore app[0m
[0;32mI (204) cpu_start: Pro cpu up.[0m
[0;32mI (204) cpu_start: Starting app cpu, entry point is 0x4008121c[0m
[0;32mI (0) cpu_start: App cpu up.[0m
[0;32mI (221) cpu_start: Pro cpu start user code[0m
[0;32mI (221) cpu_start: cpu freq: 160000000 Hz[0m
[0;32mI (221) cpu_start: Application information:[0m
[0;32mI (226) cpu_start: Project name:     ds1307_test[0m
[0;32mI (231) cpu_start: App version:      2ca3b85-dirty[0m
[0;32mI (236) cpu_start: Compile time:     Apr 27 2025 00:31:22[0m
[0;32mI (243) cpu_start: ELF file SHA256:  79105aa89b724d73...[0m
[0;32mI (249) cpu_start: ESP-IDF:          v5.1.6-354-gfb2a72fd53[0m
[0;32mI (255) cpu_start: Min chip rev:     v0.0[0m
[0;32mI (259) cpu_start: Max chip rev:     v3.99 [0m
[0;32mI (264) cpu_start: Chip rev:         v3.1[0m
[0;32mI (269) heap_init: Initializing. RAM available for dynamic allocation:[0m
[0;32mI (276) heap_init: At 3FFAE6E0 len 00001920 (6 KiB): DRAM[0m
[0;32mI (282) heap_init: At 3FFB29E8 len 0002D618 (181 KiB): DRAM[0m
[0;32mI (289) heap_init: At 3FFE0440 len 00003AE0 (14 KiB): D/IRAM[0m
[0;32mI (295) heap_init: At 3FFE4350 len 0001BCB0 (111 KiB): D/IRAM[0m
[0;32mI (301) heap_init: At 4008D51C len 00012AE4 (74 KiB): IRAM[0m
[0;32mI (309) spi_flash: detected chip: generic[0m
[0;32mI (312) spi_flash: flash io: dio[0m
[0;33mW (316) spi_flash: Detected size(4096k) larger than the size in the binary image header(2048k). Using the size in the binary image header.[0m
[0;32mI (330) app_start: Starting scheduler on CPU0[0m
[0;32mI (334) app_start: Starting scheduler on CPU1[0m
[0;32mI (334) main_task: Started on CPU0[0m
[0;32mI (344) main_task: Calling app_main()[0m
[0;32mI (344) ds1307_test: RTC is not running, starting it...[0m
[0;32mI (354) ds1307_test: Time set successfully[0m
[0;32mI (354) ds1307_test: Date: 2013-04-27 (Sunday)[0m
[0;32mI (354) ds1307_test: Time: 01:02:28[0m
[0;32mI (1364) ds1307_test: Date: 2013-04-27 (Sunday)[0m
[0;32mI (1364) ds1307_test: Time: 01:02:29[0m
[0;32mI (2364) ds1307_test: Date: 2013-04-27 (Sunday)[0m
[0;32mI (2364) ds1307_test: Time: 01:02:30[0m
[0;32mI (3364) ds1307_test: Date: 2013-04-27 (Sunday)[0m
[0;32mI (3364) ds1307_test: Time: 01:02:31[0m
[0;32mI (4364) ds1307_test: Date: 2013-04-27 (Sunday)[0m
[0;32mI (4364) ds1307_test: Time: 01:02:32[0m
[0;32mI (5364) ds1307_test: Date: 2013-04-27 (Sunday)[0m
[0;32mI (5364) ds1307_test: Time: 01:02:33[0m
[0;32mI (6364) ds1307_test: Date: 2013-04-27 (Sunday)[0m
[0;32mI (6364) ds1307_test: Time: 01:02:34[0m
[0;32mI (7364) ds1307_test: Date: 2013-04-27 (Sunday)[0m
[0;32mI (7364) ds1307_test: Time: 01:02:35[0m
[0;32mI (8364) ds1307_test: Date: 2013-04-27 (Sunday)[0m
[0;32mI (8364) ds1307_test: Time: 01:02:36[0m
[0;32mI (9364) ds1307_test: Date: 2013-04-27 (Sunday)[0m
[0;32mI (9364) ds1307_test: Time: 01:02:37[0m
[0;32mI (10364) ds1307_test: Date: 2013-04-27 (Sunday)[0m
[0;32mI (10364) ds1307_test: Time: 01:02:38[0m
[0;32mI (11364) ds1307_test: Date: 2013-04-27 (Sunday)[0m
[0;32mI (11364) ds1307_test: Time: 01:02:39[0m
[0;32mI (12364) ds1307_test: Date: 2013-04-27 (Sunday)[0m
[0;32mI (12364) ds1307_test: Time: 01:02:40[0m
[0;32mI (13364) ds1307_test: Date: 2013-04-27 (Sunday)[0m
[0;32mI (13364) ds1307_test: Time: 01:02:41[0m
[0;32mI (14364) ds1307_test: Date: 2013-04-27 (Sunday)[0m
[0;32mI (14364) ds1307_test: Time: 01:02:42[0m
[0;32mI (15364) ds1307_test: Date: 2013-04-27 (Sunday)[0m
[0;32mI (15364) ds1307_test: Time: 01:02:43[0m
[0;32mI (16364) ds1307_test: Date: 2013-04-27 (Sunday)[0m
[0;32mI (16364) ds1307_test: Time: 01:02:44[0m
[0;32mI (17364) ds1307_test: Date: 2013-04-27 (Sunday)[0m
[0;32mI (17364) ds1307_test: Time: 01:02:45[0m
[0;32mI (18364) ds1307_test: Date: 2013-04-27 (Sunday)[0m
[0;32mI (18364) ds1307_test: Time: 01:02:46[0m
[0;32mI (19364) ds1307_test: Date: 2013-04-27 (Sunday)[0m
[0;32mI (19364) ds1307_test: Time: 01:02:47[0m
[0;32mI (20364) ds1307_test: Date: 2013-04-27 (Sunday)[0m
[0;32mI (20364) ds1307_test: Time: 01:02:48[0m
[0;32mI (21364) ds1307_test: Date: 2013-04-27 (Sunday)[0m
[0;32mI (21364) ds1307_test: Time: 01:02:49[0m
[0;32mI (22364) ds1307_test: Date: 2013-04-27 (Sunday)[0m
[0;32mI (22364) ds1307_test: Time: 01:02:50[0m
[0;32mI (23364) ds1307_test: Date: 2013-04-27 (Sunday)[0m
[0;32mI (23364) ds1307_test: Time: 01:02:51[0m
[0;32mI (24364) ds1307_test: Date: 2013-04-27 (Sunday)[0m
[0;32mI (24364) ds1307_test: Time: 01:02:52[0m
[0;32mI (25364) ds1307_test: Date: 2013-04-27 (Sunday)[0m
[0;32mI (25364) ds1307_test: Time: 01:02:53[0m
[0;32mI (26364) ds1307_test: Date: 2013-04-27 (Sunday)[0m
[0;32mI (26364) ds1307_test: Time: 01:02:54[0m
[0;32mI (27364) ds1307_test: Date: 2013-04-27 (Sunday)[0m
[0;32mI (27364) ds1307_test: Time: 01:02:55[0m
[0;32mI (28364) ds1307_test: Date: 2013-04-27 (Sunday)[0m
[0;32mI (28364) ds1307_test: Time: 01:02:56[0m
[0;32mI (29364) ds1307_test: Date: 2013-04-27 (Sunday)[0m
[0;32mI (29364) ds1307_test: Time: 01:02:57[0m
[0;32mI (30364) ds1307_test: Date: 2013-04-27 (Sunday)[0m
[0;32mI (30364) ds1307_test: Time: 01:02:58[0m
[0;32mI (31364) ds1307_test: Date: 2013-04-27 (Sunday)[0m
[0;32mI (31364) ds1307_test: Time: 01:02:59[0m
[0;32mI (32364) ds1307_test: Date: 2013-04-27 (Sunday)[0m
[0;32mI (32364) ds1307_test: Time: 01:03:00[0m
[0;32mI (33364) ds1307_test: Date: 2013-04-27 (Sunday)[0m
[0;32mI (33364) ds1307_test: Time: 01:03:01[0m
[0;32mI (34364) ds1307_test: Date: 2013-04-27 (Sunday)[0m
[0;32mI (34364) ds1307_test: Time: 01:03:02[0m
[0;32mI (35364) ds1307_test: Date: 2013-04-27 (Sunday)[0m
[0;32mI (35364) ds1307_test: Time: 01:03:03[0m
[0;32mI (36364) ds1307_test: Date: 2013-04-27 (Sunday)[0m
[0;32mI (36364) ds1307_test: Time: 01:03:04[0m
[0;32mI (37364) ds1307_test: Date: 2013-04-27 (Sunday)[0m
[0;32mI (37364) ds1307_test: Time: 01:03:05[0m
[0;32mI (38364) ds1307_test: Date: 2013-04-27 (Sunday)[0m
[0;32mI (38364) ds1307_test: Time: 01:03:06[0m
[0;32mI (39364) ds1307_test: Date: 2013-04-27 (Sunday)[0m
[0;32mI (39364) ds1307_test: Time: 01:03:07[0m
[0;32mI (40364) ds1307_test: Date: 2013-04-27 (Sunday)[0m
[0;32mI (40364) ds1307_test: Time: 01:03:08[0m
[0;32mI (41364) ds1307_test: Date: 2013-04-27 (Sunday)[0m
[0;32mI (41364) ds1307_test: Time: 01:03:09[0m
[0;32mI (42364) ds1307_test: Date: 2013-04-27 (Sunday)[0m
[0;32mI (42364) ds1307_test: Time: 01:03:10[0m
[0;32mI (43364) ds1307_test: Date: 2013-04-27 (Sunday)[0m
[0;32mI (43364) ds1307_test: Time: 01:03:11[0m
[0;32mI (44364) ds1307_test: Date: 2013-04-27 (Sunday)[0m
[0;32mI (44364) ds1307_test: Time: 01:03:12[0m
[0;32mI (45364) ds1307_test: Date: 2013-04-27 (Sunday)[0m
[0;32mI (45364) ds1307_test: Time: 01:03:13[0m
[0;32mI (46364) ds1307_test: Date: 2013-04-27 (Sunday)[0m
[0;32mI (46364) ds1307_test: Time: 01:03:14[0m
[0;32mI (47364) ds1307_test: Date: 2013-04-27 (Sunday)[0m
[0;32mI (47364) ds1307_test: Time: 01:03:15[0m
[0;32mI (48364) ds1307_test: Date: 2013-04-27 (Sunday)[0m
[0;32mI (48364) ds1307_test: Time: 01:03:16[0m
[0;32mI (49364) ds1307_test: Date: 2013-04-27 (Sunday)[0m
[0;32mI (49364) ds1307_test: Time: 01:03:17[0m
[0;32mI (50364) ds1307_test: Date: 2013-04-27 (Sunday)[0m
[0;32mI (50364) ds1307_test: Time: 01:03:18[0m
[0;32mI (51364) ds1307_test: Date: 2013-04-27 (Sunday)[0m
[0;32mI (51364) ds1307_test: Time: 01:03:19[0m
[0;32mI (52364) ds1307_test: Date: 2013-04-27 (Sunday)[0m
[0;32mI (52364) ds1307_test: Time: 01:03:20[0m
[0;32mI (53364) ds1307_test: Date: 2013-04-27 (Sunday)[0m
[0;32mI (53364) ds1307_test: Time: 01:03:21[0m
[0;32mI (54364) ds1307_test: Date: 2013-04-27 (Sunday)[0m
[0;32mI (54364) ds1307_test: Time: 01:03:22[0m
[0;32mI (55364) ds1307_test: Date: 2013-04-27 (Sunday)[0m
[0;32mI (55364) ds1307_test: Time: 01:03:23[0m
[0;32mI (56364) ds1307_test: Date: 2013-04-27 (Sunday)[0m
[0;32mI (56364) ds1307_test: Time: 01:03:24[0m
[0;32mI (57364) ds1307_test: Date: 2013-04-27 (Sunday)[0m
[0;32mI (57364) ds1307_test: Time: 01:03:25[0m
[0;32mI (58364) ds1307_test: Date: 2013-04-27 (Sunday)[0m
[0;32mI (58364) ds1307_test: Time: 01:03:26[0m
[0;32mI (59364) ds1307_test: Date: 2013-04-27 (Sunday)[0m
[0;32mI (59364) ds1307_test: Time: 01:03:27[0m
[0;32mI (60364) ds1307_test: Date: 2013-04-27 (Sunday)[0m
[0;32mI (60364) ds1307_test: Time: 01:03:28[0m
[0;32mI (61364) ds1307_test: Date: 2013-04-27 (Sunday)[0m
[0;32mI (61364) ds1307_test: Time: 01:03:29[0m
[0;32mI (62364) ds1307_test: Date: 2013-04-27 (Sunday)[0m
[0;32mI (62364) ds1307_test: Time: 01:03:30[0m
[0;32mI (63364) ds1307_test: Date: 2013-04-27 (Sunday)[0m
[0;32mI (63364) ds1307_test: Time: 01:03:31[0m
[0;32mI (64364) ds1307_test: Date: 2013-04-27 (Sunday)[0m
[0;32mI (64364) ds1307_test: Time: 01:03:32[0m
[0;32mI (65364) ds1307_test: Date: 2013-04-27 (Sunday)[0m
[0;32mI (65364) ds1307_test: Time: 01:03:33[0m
[0;32mI (66364) ds1307_test: Date: 2013-04-27 (Sunday)[0m
[0;32mI (66364) ds1307_test: Time: 01:03:34[0m
[0;32mI (67364) ds1307_test: Date: 2013-04-27 (Sunday)[0m
[0;32mI (67364) ds1307_test: Time: 01:03:35[0m
[0;32mI (68364) ds1307_test: Date: 2013-04-27 (Sunday)[0m
[0;32mI (68364) ds1307_test: Time: 01:03:36[0m
[0;32mI (69364) ds1307_test: Date: 2013-04-27 (Sunday)[0m
[0;32mI (69364) ds1307_test: Time: 01:03:37[0m
[0;32mI (70364) ds1307_test: Date: 2013-04-27 (Sunday)[0m
[0;32mI (70364) ds1307_test: Time: 01:03:38[0m
[0;32mI (71364) ds1307_test: Date: 2013-04-27 (Sunday)[0m
[0;32mI (71364) ds1307_test: Time: 01:03:39[0m
[0;32mI (72364) ds1307_test: Date: 2013-04-27 (Sunday)[0m
[0;32mI (72364) ds1307_test: Time: 01:03:40[0m
[0;32mI (73364) ds1307_test: Date: 2013-04-27 (Sunday)[0m
[0;32mI (73364) ds1307_test: Time: 01:03:41[0m
[0;32mI (74364) ds1307_test: Date: 2013-04-27 (Sunday)[0m
[0;32mI (74364) ds1307_test: Time: 01:03:42[0m
